{
  "openapi" : "3.0.3",
  "info" : {
    "title" : "My api",
    "version" : "0.0"
  },
  "paths" : {
    "/nometa" : {
      "get" : {
        "responses" : { }
      }
    },
    "/descriptions" : {
      "get" : {
        "responses" : { },
        "tags" : [ {
          "name" : "tag3"
        }, {
          "name" : "tag1"
        } ],
        "summary" : "endpoint",
        "description" : "some rambling description of what this thing actually does",
        "deprecated" : true
      }
    },
    "/paths/{firstName}/bertrand/{age}" : {
      "post" : {
        "responses" : { },
        "parameters" : [ {
          "name" : "firstName",
          "in" : "path",
          "required" : true
        }, {
          "name" : "age",
          "in" : "path",
          "required" : true
        } ]
      }
    },
    "/headers" : {
      "post" : {
        "responses" : { },
        "parameters" : [ {
          "name" : "b",
          "in" : "header",
          "required" : true
        }, {
          "name" : "s",
          "in" : "header"
        }, {
          "name" : "i",
          "in" : "header"
        }, {
          "name" : "j",
          "in" : "header"
        } ]
      }
    },
    "/body_string" : {
      "post" : {
        "responses" : {
          "default" : {
            "description" : "response",
            "content" : {
              "text/plain" : {
                "examples" : { }
              }
            }
          }
        }
      }
    },
    "/body_json_noschema" : {
      "post" : {
        "responses" : { },
        "requestBody" : {
          "description" : "body",
          "content" : {
            "application/json" : {
              "examples" : { }
            }
          },
          "required" : true
        }
      }
    },
    "/body_json_response" : {
      "post" : {
        "responses" : {
          "200" : {
            "description" : "response",
            "content" : {
              "application/json" : {
                "schema" : {
                  "$ref" : "#/components/schemas/object1089648089"
                },
                "examples" : {
                  "example" : {
                    "value" : {
                      "aNullField" : null,
                      "aNumberField" : 123
                    }
                  }
                }
              }
            }
          }
        }
      }
    },
    "/body_json_schema" : {
      "post" : {
        "responses" : {
          "200" : {
            "description" : "response",
            "content" : {
              "application/json" : {
                "schema" : {
                  "$ref" : "#/components/schemas/someDefinitionId"
                },
                "examples" : {
                  "example" : {
                    "value" : {
                      "anAnotherObject" : {
                        "aNullField" : null,
                        "aNumberField" : 123
                      }
                    }
                  }
                }
              }
            }
          }
        }
      }
    },
    "/body_json_list_schema" : {
      "post" : {
        "responses" : {
          "200" : {
            "description" : "response",
            "content" : {
              "application/json" : {
                "schema" : {
                  "type" : "array",
                  "items" : {
                    "$ref" : "#/components/schemas/object1089648089"
                  }
                },
                "examples" : {
                  "example" : {
                    "value" : [ {
                      "aNumberField" : 123
                    } ]
                  }
                }
              }
            }
          }
        }
      }
    },
    "/basic_auth" : {
      "post" : {
        "responses" : { },
        "security" : {
          "BasicAuth" : [ ]
        }
      }
    },
    "/body_auto_schema" : {
      "post" : {
        "responses" : { },
        "requestBody" : {
          "description" : "body",
          "content" : {
            "application/json" : {
              "schema" : {
                "$ref" : "#/components/schemas/someOtherId",
                "example" : null
              },
              "examples" : {
                "example" : {
                  "value" : {
                    "string" : "s",
                    "child" : {
                      "anotherString" : "bar"
                    },
                    "numbers" : [ 1 ],
                    "bool" : true
                  }
                }
              }
            }
          },
          "required" : true
        }
      },
      "put" : {
        "responses" : {
          "201" : {
            "description" : "response",
            "content" : {
              "application/json" : {
                "schema" : {
                  "items" : {
                    "oneOf" : [ {
                      "$ref" : "#/components/schemas/ArbObject1"
                    } ]
                  },
                  "example" : [ {
                    "anotherString" : "bing"
                  } ],
                  "type" : "array"
                },
                "examples" : {
                  "example" : {
                    "value" : [ {
                      "anotherString" : "bing"
                    } ]
                  }
                }
              }
            }
          }
        },
        "requestBody" : {
          "description" : "body",
          "content" : {
            "application/json" : {
              "schema" : {
                "$ref" : "#/components/schemas/ArbObject3",
                "example" : null
              },
              "examples" : {
                "example" : {
                  "value" : {
                    "uri" : "http://foowang",
                    "additional" : {
                      "foo" : 123
                    }
                  }
                }
              }
            }
          },
          "required" : true
        }
      }
    }
  },
  "components" : {
    "schemas" : {
      "object1089648089" : {
        "type" : "object",
        "required" : [ ],
        "properties" : {
          "aNumberField" : {
            "type" : "integer",
            "example" : 123
          }
        }
      },
      "someDefinitionId" : {
        "type" : "object",
        "required" : [ ],
        "properties" : {
          "anAnotherObject" : {
            "$ref" : "#/components/schemas/object1089648089"
          }
        }
      },
      "someOtherId" : {
        "properties" : {
          "string" : {
            "example" : "s",
            "type" : "string"
          },
          "child" : {
            "$ref" : "#/components/schemas/ArbObject1",
            "example" : null
          },
          "numbers" : {
            "items" : {
              "oneOf" : [ {
                "type" : "number"
              } ]
            },
            "example" : [ 1 ],
            "type" : "array"
          },
          "bool" : {
            "example" : true,
            "type" : "boolean"
          }
        },
        "example" : {
          "string" : "s",
          "child" : {
            "anotherString" : "bar"
          },
          "numbers" : [ 1 ],
          "bool" : true
        },
        "type" : "object",
        "required" : [ "bool", "numbers", "string" ]
      },
      "ArbObject1" : {
        "properties" : {
          "anotherString" : {
            "$ref" : "#/components/schemas/Foo",
            "example" : null
          }
        },
        "example" : {
          "anotherString" : "bing"
        },
        "type" : "object",
        "required" : [ "anotherString" ]
      },
      "Foo" : {
        "example" : "bing",
        "enum" : [ "bar", "bing" ],
        "type" : "string"
      },
      "ArbObject3" : {
        "properties" : {
          "uri" : {
            "example" : "http://foowang",
            "type" : "string"
          },
          "additional" : {
            "additionalProperties" : {
              "properties" : {
                "foo" : {
                  "example" : 123,
                  "type" : "number"
                }
              },
              "example" : {
                "foo" : 123
              },
              "type" : "object",
              "required" : [ "foo" ]
            },
            "example" : null,
            "type" : "object"
          }
        },
        "example" : {
          "uri" : "http://foowang",
          "additional" : {
            "foo" : 123
          }
        },
        "type" : "object",
        "required" : [ "additional", "uri" ]
      }
    },
    "securitySchemes" : {
      "BasicAuth" : {
        "type" : "http",
        "scheme" : "basic"
      }
    }
  }
}